module Foo where

x = a b c d e f g h
x = a b (c (d e) f g) h
