module MultilinePatternMatchingInWhere where

myfunc :: Int -> Int
myfunc 1 = psModuleFile 1
  where
  psModuleFile :: ModulePath -> Int
  psModuleFile Path = 1
  psModuleFile Name = 2
