module MultilinePatternMatchingInArgument where

psModuleFile :: ModulePath -> Int
psModuleFile Path = 1
psModuleFile Name = 2
