module Exports
  ( module A
  , module A.B
  , class A
  , kind A
  , type (||)
  , A(B)
  , A(..)
  , A
  , (||)
  , a
  ) where
