module MultilinePatternMatchingInDoLet2 where

myfunc :: Int -> Int
myfunc 1 = do
  let
    psModuleFile :: ModulePath -> Int
    psModuleFile Path = 1
    psModuleFile Name = 2

    psModuleFile2 :: ModulePath -> Int
    psModuleFile2 Path = 1
    psModuleFile2 Name = 2
  psModuleFile 1
