module MultilinePatternMatchingInArgument where

psModuleFile :: ModulePath -> Int
psModuleFile Path = 1
psModuleFile Name = 2

psModuleFile2 :: ModulePath -> Int
psModuleFile2 Path = 1
psModuleFile2 Name = 2
