module DeclForeign where

data Foo

foreign import data Foo :: Row Type -> Type

foreign import main_
  :: forall e
   . Eff
     ( console :: CONSOLE
     , foo :: FOO
     , bar :: BAR
     , baz :: BAZ
     , qux :: QUX
     , quux :: QUUX
     | e
     )
     Unit
