module Foo where

x = true
x = true

y :: Boolean
y = true

z :: Boolean -> Boolean
z false = true
