module DeclDerive where

derive instance eqBaz :: Eq Baz

derive newtype instance eqBaz :: Eq Baz

derive instance foo :: Foo Bar { foo :: Number }

derive instance foo :: Foo a => Foo (Array a)

derive instance foo :: (Foo a, Bar b c, Partial) => Foo (Tuple a b)
